// Jest Snapshot v1, https://goo.gl/fbAQLP

exports[`matches snapshot 1`] = `
<div
  data-testid="app"
  id="app"
>
  <ContextProvider>
    <SideNav />
    <div
      id="content"
    >
      <Router>
        <AddressBook
          default={true}
          path="/address-book"
        />
        <Lookup
          path="/add-address"
        />
      </Router>
    </div>
  </ContextProvider>
</div>
`;

exports[`renders the component 1`] = `
<div
  data-testid="app"
  id="app"
>
  <ContextProvider>
    <SideNav />
    <div
      id="content"
    >
      <Router>
        <AddressBook
          default={true}
          path="/address-book"
        />
        <Lookup
          path="/add-address"
        />
      </Router>
    </div>
  </ContextProvider>
</div>
`;
