// Jest Snapshot v1, https://goo.gl/fbAQLP

exports[`renders the component 1`] = `
<div
  id="addAddress"
>
  <h1
    className="pageTitle"
  >
    Add Address
  </h1>
  <div
    id="formContainer"
  >
    <AddressForm
      error=""
      message=""
      mode="search"
      setError={[Function]}
      setMessage={[Function]}
      setMode={[Function]}
      setResults={[Function]}
    />
  </div>
  <div
    id="results"
    style={
      Object {
        "display": "",
      }
    }
  >
    <Results
      results={
        Object {
          "addresses": Array [],
          "latitude": 0,
          "longitude": 0,
          "postcode": "",
        }
      }
      setError={[Function]}
      setMessage={[Function]}
    />
  </div>
</div>
`;
